// Jest Snapshot v1, https://goo.gl/fbAQLP

exports[`EventCard should match snapshot 1`] = `
<article
  className="EventCard"
>
  <div
    className="details"
  >
    <h3 />
    <div
      className="date-container"
    >
      <p
        className="date"
      >
        Invalid Date
      </p>
      <p
        className="hours"
      >
        Invalid Date
        -
        Invalid Date
      </p>
    </div>
  </div>
  <p
    className="notes"
  />
</article>
`;
