// Jest Snapshot v1, https://goo.gl/fbAQLP

exports[`AgeVerifier should match snapshot 1`] = `
<form
  className="AgeForm"
  onSubmit={[Function]}
>
  <h2>
    Please Verify Your Age
  </h2>
  <label
    htmlFor="dob"
  >
    Enter your date of birth
    <DatePicker
      allowSameDay={false}
      className="date-picker"
      dateFormat="yyyy/MM/dd"
      dateFormatCalendar="LLLL yyyy"
      disabled={false}
      disabledKeyboardNavigation={false}
      dropdownMode="select"
      id="dob"
      inlineFocusSelectedMonth={false}
      maxDate={2006-07-20T19:32:48.382Z}
      monthsShown={1}
      nextMonthButtonLabel="Next month"
      onBlur={[Function]}
      onChange={[Function]}
      onClickOutside={[Function]}
      onFocus={[Function]}
      onInputClick={[Function]}
      onInputError={[Function]}
      onKeyDown={[Function]}
      onMonthChange={[Function]}
      onSelect={[Function]}
      onYearChange={[Function]}
      preventOpenOnFocus={false}
      previousMonthButtonLabel="Previous Month"
      readOnly={false}
      renderDayContents={[Function]}
      scrollableYearDropdown={true}
      shouldCloseOnSelect={true}
      showMonthDropdown={true}
      showMonthYearPicker={false}
      showTimeInput={false}
      showTimeSelect={false}
      showYearDropdown={true}
      strictParsing={false}
      timeCaption="Time"
      timeInputLabel="Time"
      timeIntervals={30}
      useShortMonthInDropdown={true}
      withPortal={false}
    />
  </label>
  <button
    className="signin-btn"
    type="submit"
  >
    Submit
  </button>
</form>
`;
