// Jest Snapshot v1, https://goo.gl/fbAQLP

exports[`Footer should match snapshot 1`] = `
<footer
  className="Footer"
>
  <div
    className="icon-container"
  >
    <a
      href="https://www.facebook.com/CoderDojo"
    >
      <img
        alt="facebook"
        src="facebook.svg"
      />
    </a>
    <a
      href="https://twitter.com/CoderDojo"
    >
      <img
        alt="twitter"
        src="twitter.svg"
      />
    </a>
    <a
      href="https://www.linkedin.com/company/coderdojo/"
    >
      <img
        alt="linked in"
        src="linkedin.svg"
      />
    </a>
    <img
      alt="contact"
      src="email.svg"
    />
  </div>
</footer>
`;
