// Jest Snapshot v1, https://goo.gl/fbAQLP

exports[`Controls should match snapshot 1`] = `
<div>
  <Switch>
    <Route
      component={[Function]}
      exact={true}
      path="/"
    />
    <Route
      component={
        Object {
          "$$typeof": Symbol(react.memo),
          "WrappedComponent": [Function],
          "compare": null,
          "displayName": "Connect(VenuesContainer)",
          "type": [Function],
        }
      }
      exact={true}
      path="/venues"
    />
    <Route
      component={
        Object {
          "$$typeof": Symbol(react.memo),
          "WrappedComponent": [Function],
          "compare": null,
          "displayName": "Connect(EventsContainer)",
          "type": [Function],
        }
      }
      exact={true}
      path="/venues/:id/events"
    />
    <Route
      component={
        Object {
          "$$typeof": Symbol(react.memo),
          "WrappedComponent": [Function],
          "compare": null,
          "displayName": "Connect(LoginForm)",
          "type": [Function],
        }
      }
      exact={true}
      path="/login"
    />
    <Route
      component={[Function]}
      exact={true}
      path="/student/:id"
    />
    <Route
      component={[Function]}
      exact={true}
      path="/dashboard/student"
    />
    <Route
      component={[Function]}
      exact={true}
      path="/dashboard/admin"
    />
    <Route
      component={[Function]}
      exact={true}
      path="/students"
    />
    <Route
      component={[Function]}
      exact={true}
      path="/contact/:id"
    />
    <Route
      component={[Function]}
      exact={true}
      path="/myfamily"
    />
    <Route
      component={
        Object {
          "$$typeof": Symbol(react.memo),
          "WrappedComponent": [Function],
          "compare": null,
          "displayName": "Connect(RegisterForm)",
          "type": [Function],
        }
      }
      exact={true}
      path="/register"
    />
    <Route
      render={[Function]}
    />
  </Switch>
</div>
`;
