// Jest Snapshot v1, https://goo.gl/fbAQLP

exports[`Header should match snapshot 1`] = `
<header>
  <ForwardRef(SvgLogoBlack)
    className="logo"
  />
  <section>
    <NavLink
      className="nav-link"
      to="/"
    >
      Dojos
    </NavLink>
    <NavLink
      className="nav-link"
      to="/login"
    >
      Login/Register
    </NavLink>
  </section>
</header>
`;
