// Jest Snapshot v1, https://goo.gl/fbAQLP

exports[`StudentDash should match snapshot 1`] = `
<section
  className="StudentDashContainer"
>
  <div
    className="studentDashHeader"
  >
    <h2>
      Welcome, 
    </h2>
  </div>
  <h3>
    Current Event
  </h3>
  <div
    className="eventWrapper"
  >
    <form
      onSubmit={[Function]}
    >
      <input
        className="eventCode"
        onChange={[Function]}
        placeholder="Enter Event Code"
        type="text"
      />
      <button
        type="submit"
      >
        Submit
      </button>
    </form>
  </div>
  <section
    className="pastEvents"
  />
</section>
`;
