// Jest Snapshot v1, https://goo.gl/fbAQLP

exports[`StudentDash should match snapshot 1`] = `
<section
  className="StudentDashContainer"
>
  <div
    className="studentDashHeader"
  >
    <h2>
      Welcome, undefined!
    </h2>
  </div>
  <h3>
    Current Event
  </h3>
  <div
    className="eventWrapper"
  >
    <form
      onSubmit={[Function]}
    >
      <input
        className="eventCode"
        onChange={[Function]}
        placeholder="Enter Event Code"
        type="text"
      />
      <button
        type="submit"
      >
        Submit
      </button>
    </form>
  </div>
  <section
    className="pastEvents"
  />
</section>
`;

exports[`StudentDash should match snapshot when mounted 1`] = `
<BrowserRouter>
  <Router
    history={
      Object {
        "action": "REPLACE",
        "block": [Function],
        "createHref": [Function],
        "go": [Function],
        "goBack": [Function],
        "goForward": [Function],
        "length": 1,
        "listen": [Function],
        "location": Object {
          "hash": "",
          "key": "p4k28m",
          "pathname": "/",
          "search": "",
          "state": undefined,
        },
        "push": [Function],
        "replace": [Function],
      }
    }
  >
    <StudentDash
      error=""
      isFetching={false}
      user={Object {}}
    >
      <Redirect
        to="/"
      >
        <Lifecycle
          onMount={[Function]}
          onUpdate={[Function]}
          to="/"
        />
      </Redirect>
    </StudentDash>
  </Router>
</BrowserRouter>
`;
