// Jest Snapshot v1, https://goo.gl/fbAQLP

exports[`LoginForm should match snapshot 1`] = `
<form
  className="LoginForm"
  onSubmit={[Function]}
>
  <h2>
    Login
  </h2>
  <label
    htmlFor="username-input"
  >
    Username:
    <input
      id="username-input"
      name="username"
      onChange={[Function]}
      type="text"
    />
  </label>
  <label
    htmlFor="password-input"
  >
    Password:
    <input
      id="password-input"
      name="password"
      onChange={[Function]}
      type="password"
    />
  </label>
  <div
    className="error-msg"
  />
  <button
    className="signin-btn"
    type="submit"
  >
    LOGIN
  </button>
  <p
    className="register-link"
  >
    Don't have an account?
    <Link
      to="/register"
    >
      <span>
         Register Here
      </span>
    </Link>
  </p>
</form>
`;
