// Jest Snapshot v1, https://goo.gl/fbAQLP

exports[`Family should match snapshot 1`] = `
<section
  className="Family"
>
  <div
    className="family-header"
  >
    <h2>
      Welcome, undefined
    </h2>
  </div>
  <div
    className="family-main"
  >
    <div
      className="family-sidebar"
    />
    <div
      className="family-details"
    >
      <h3>
        My Students
      </h3>
      <div
        className="students-container"
      />
      <Link
        to="/myfamily/registerstudent"
      >
        Add a Student
      </Link>
    </div>
  </div>
</section>
`;
