// Jest Snapshot v1, https://goo.gl/fbAQLP

exports[`Family should match snapshot 1`] = `
<section
  className="Family"
>
  <div
    className="family-header"
  >
    <h2>
      Welcome, undefined!
    </h2>
  </div>
  <div
    className="family-main"
  >
    <div
      className="family-sidebar"
    >
      <h3>
        My Contact Info
      </h3>
      <h4>
        Phone: 
      </h4>
      <p />
      <h4>
        Email: 
      </h4>
      <p />
      <h4>
        Address: 
      </h4>
      <p>
        undefined, 
      </p>
      <p>
        undefined, undefined undefined
      </p>
    </div>
    <div
      className="family-details"
    >
      <h3
        className="students-header"
      >
        My Family
        <Link
          to="/myfamily/registerstudent"
        >
          <button
            type="button"
          >
            Add a Student
          </button>
        </Link>
      </h3>
      <div
        className="students-container"
      />
    </div>
  </div>
</section>
`;
