// Jest Snapshot v1, https://goo.gl/fbAQLP

exports[`ChildForm should match snapshot 1`] = `
<form
  className="ChildForm"
  onSubmit={[Function]}
>
  <h2>
    Register a Student
  </h2>
  <label
    htmlFor="child-name-input"
  >
    Student's Full Name
    <input
      id="child-name-input"
      name="name"
      onChange={[Function]}
      type="text"
    />
  </label>
  <label
    htmlFor="child-dob"
  >
    Student's Date of Birth
    <input
      id="child-dob"
      name="dob"
      onChange={[Function]}
      type="text"
    />
  </label>
  <label
    htmlFor="child-username-input"
  >
    Student's Username
    <input
      id="child-username-input"
      name="username"
      onChange={[Function]}
      type="text"
    />
  </label>
  <label
    htmlFor="child-password-input"
  >
    Student's Password
    <input
      id="child-password-input"
      name="password"
      onChange={[Function]}
      type="password"
      value=""
    />
  </label>
  <label
    htmlFor="child-password2-input"
  >
    Re-Enter Student's Password
    <input
      id="child-password2-input"
      name="password2"
      onChange={[Function]}
      type="password"
      value=""
    />
  </label>
  <p
    className="error-msg"
  />
  <button
    type="submit"
  >
    Submit
  </button>
</form>
`;
