// Jest Snapshot v1, https://goo.gl/fbAQLP

exports[`GuardianDetailsForm should match snapshot 1`] = `
<form
  className="GuardianDetailsForm"
  onSubmit={[Function]}
>
  <h2>
    Guardian Details
  </h2>
  <label
    htmlFor="email-input"
  >
    Email:
    <input
      id="email-input"
      name="email"
      onChange={[Function]}
      type="email"
    />
  </label>
  <label
    htmlFor="phoneNumber-input"
  >
    Phone Number:
    <input
      id="phoneNumber-input"
      name="phoneNumber"
      onChange={[Function]}
      type="text"
    />
  </label>
  <div
    className="adress-section"
  >
    <label
      htmlFor="street1-input"
    >
      Street 1:
      <input
        id="street1-input"
        name="street1"
        onChange={[Function]}
        type="text"
      />
    </label>
    <label
      htmlFor="street2-input"
    >
      Street 2:
      <input
        id="street2-input"
        name="street2"
        onChange={[Function]}
        type="text"
      />
    </label>
    <label
      htmlFor="city-input"
    >
      City:
      <input
        id="city-input"
        name="city"
        onChange={[Function]}
        type="text"
      />
    </label>
    <label
      htmlFor="state-input"
    >
      State:
      <input
        id="state-input"
        name="state"
        onChange={[Function]}
        type="text"
      />
    </label>
    <label
      htmlFor="zip-input"
    >
      Zip Code:
      <input
        id="zip-input"
        name="zip"
        onChange={[Function]}
        type="text"
      />
    </label>
  </div>
  <button
    className="signin-btn"
    type="submit"
  >
    Submit
  </button>
</form>
`;
